@startuml
left to right direction
frame Pods {
component "Name: one\lNamespace: default\lMatch Labels:\l    app: pod2\l" as defaultapppod2 {
    portout " " as defaultapppod2portout
}
}
frame Egress {
component "Pod:\l    Match Labels:\l        app: pod2\l" as apppod2_e {
    port "0-65535" as apppod2egressport
}
}
defaultapppod2portout --down[#green]--> apppod2egressport
@enduml
