@startuml
left to right direction
frame Pods {
component "Name: denyToPod\lNamespace: default\lMatch Labels:\l    app: demo\l" as defaultappdemo {
    port "0-65535" as defaultappdemo_ALL_port
    portout " " as defaultappdemoportout
}
}
frame Ingress {
component "ALL" as _ALL_PEER_INGRESS__i {
    portout " " as _ALL_PEER_INGRESS_ingressportout
}
}
_ALL_PEER_INGRESS_ingressportout --down[#red]--> defaultappdemo_ALL_port
frame Egress {
component "ALL" as defaultappdemo_ALL__e {
    port "0-65535" as defaultappdemo_ALL_egressport
}
}
defaultappdemoportout --down[#red]--> defaultappdemo_ALL_egressport
@enduml
